
Memory Configuration

Name             Origin             Length             Attributes
*default*        0x00000000         0xffffffff

Linker script and memory map

LOAD crt0_gnu.o
LOAD at91sam9260ek.o
LOAD main.o
LOAD gpio.o
LOAD pmc.o
LOAD debug.o
LOAD sdramc.o
LOAD nandflash.o
LOAD _udivsi3.o
LOAD _umodsi3.o
LOAD div0.o
LOAD udiv.o
LOAD string.o
                0x00000000                . = ALIGN (0x4)

.text           0x00200000      0xe78
                0x00200000                _stext = .
 *(.text)
 .text          0x00200000      0x140 crt0_gnu.o
                0x00200000                reset
 .text          0x00200140      0x154 at91sam9260ek.o
                0x00200158                nandflash_cfg_16bits_dbw_init
                0x0020016c                nandflash_cfg_8bits_dbw_init
                0x002001d8                hw_init
                0x00200180                nandflash_hw_init
                0x00200140                sdramc_hw_init
 .text          0x00200294       0x28 main.o
                0x00200294                main
 .text          0x002002bc      0x228 gpio.o
                0x00200494                pio_set_value
                0x002002c4                pio_get_value
                0x002002fc                pio_setup
 .text          0x002004e4       0xd4 pmc.o
                0x002004e4                pmc_cfg_plla
                0x00200550                pmc_cfg_mck
                0x00200584                pmc_cfg_pllb
                0x00200518                pmc_cfg_pck
 .text          0x002005b8        0x0 debug.o
 .text          0x002005b8      0x130 sdramc.o
                0x002005b8                sdram_init
 .text          0x002006e8      0x4f0 nandflash.o
                0x002008f8                CheckBlock
                0x00200960                AT91F_NandRead
                0x002006e8                AT91F_NandEraseBlock0
                0x002009b8                load_nandflash
 .text          0x00200bd8       0x98 _udivsi3.o
                0x00200bd8                __udivsi3
                0x00200bd8                __aeabi_uidiv
 .text          0x00200c70       0xcc _umodsi3.o
                0x00200c70                __umodsi3
                0x00200d24                __aeabi_uidivmod
 .text          0x00200d3c        0x4 div0.o
                0x00200d3c                __div0
 .text          0x00200d40       0x50 udiv.o
                0x00200d40                udiv
 .text          0x00200d90       0x9c string.o
                0x00200e10                memcpy
                0x00200dac                bcopy
                0x00200d90                memset
 *(.rodata)
 .rodata        0x00200e2c       0x3c at91sam9260ek.o
 *(.rodata*)
 .rodata.str1.4
                0x00200e68       0x10 at91sam9260ek.o
                0x00200e78                . = ALIGN (0x4)
                0x00200e78                _etext = .

.glue_7         0x00200e78        0x0
 .glue_7        0x00200e78        0x0 crt0_gnu.o
 .glue_7        0x00200e78        0x0 at91sam9260ek.o
 .glue_7        0x00200e78        0x0 main.o
 .glue_7        0x00200e78        0x0 gpio.o
 .glue_7        0x00200e78        0x0 pmc.o
 .glue_7        0x00200e78        0x0 debug.o
 .glue_7        0x00200e78        0x0 sdramc.o
 .glue_7        0x00200e78        0x0 nandflash.o
 .glue_7        0x00200e78        0x0 _udivsi3.o
 .glue_7        0x00200e78        0x0 _umodsi3.o
 .glue_7        0x00200e78        0x0 div0.o
 .glue_7        0x00200e78        0x0 udiv.o
 .glue_7        0x00200e78        0x0 string.o

.glue_7t        0x00200e78        0x0
 .glue_7t       0x00200e78        0x0 crt0_gnu.o
 .glue_7t       0x00200e78        0x0 at91sam9260ek.o
 .glue_7t       0x00200e78        0x0 main.o
 .glue_7t       0x00200e78        0x0 gpio.o
 .glue_7t       0x00200e78        0x0 pmc.o
 .glue_7t       0x00200e78        0x0 debug.o
 .glue_7t       0x00200e78        0x0 sdramc.o
 .glue_7t       0x00200e78        0x0 nandflash.o
 .glue_7t       0x00200e78        0x0 _udivsi3.o
 .glue_7t       0x00200e78        0x0 _umodsi3.o
 .glue_7t       0x00200e78        0x0 div0.o
 .glue_7t       0x00200e78        0x0 udiv.o
 .glue_7t       0x00200e78        0x0 string.o

.vfp11_veneer   0x00200e78        0x0
 .vfp11_veneer  0x00200e78        0x0 crt0_gnu.o
 .vfp11_veneer  0x00200e78        0x0 at91sam9260ek.o
 .vfp11_veneer  0x00200e78        0x0 main.o
 .vfp11_veneer  0x00200e78        0x0 gpio.o
 .vfp11_veneer  0x00200e78        0x0 pmc.o
 .vfp11_veneer  0x00200e78        0x0 debug.o
 .vfp11_veneer  0x00200e78        0x0 sdramc.o
 .vfp11_veneer  0x00200e78        0x0 nandflash.o
 .vfp11_veneer  0x00200e78        0x0 _udivsi3.o
 .vfp11_veneer  0x00200e78        0x0 _umodsi3.o
 .vfp11_veneer  0x00200e78        0x0 div0.o
 .vfp11_veneer  0x00200e78        0x0 udiv.o
 .vfp11_veneer  0x00200e78        0x0 string.o

.data           0x00200e78       0x70 load address 0x00200e78
                0x00200e78                _sdata = .
 *(.vectors)
 *(.data)
 .data          0x00200e78        0x0 crt0_gnu.o
 .data          0x00200e78        0x0 at91sam9260ek.o
 .data          0x00200e78        0x0 main.o
 .data          0x00200e78        0x0 gpio.o
 .data          0x00200e78        0x0 pmc.o
 .data          0x00200e78        0x0 debug.o
 .data          0x00200e78        0x0 sdramc.o
 .data          0x00200e78       0x70 nandflash.o
 .data          0x00200ee8        0x0 _udivsi3.o
 .data          0x00200ee8        0x0 _umodsi3.o
 .data          0x00200ee8        0x0 div0.o
 .data          0x00200ee8        0x0 udiv.o
 .data          0x00200ee8        0x0 string.o
                0x00200ee8                _edata = .

.bss            0x00200ee8        0x0
                0x00200ee8                . = ALIGN (0x4)
                0x00200ee8                _sbss = .
 *(.bss)
 .bss           0x00200ee8        0x0 crt0_gnu.o
 .bss           0x00200ee8        0x0 at91sam9260ek.o
 .bss           0x00200ee8        0x0 main.o
 .bss           0x00200ee8        0x0 gpio.o
 .bss           0x00200ee8        0x0 pmc.o
 .bss           0x00200ee8        0x0 debug.o
 .bss           0x00200ee8        0x0 sdramc.o
 .bss           0x00200ee8        0x0 nandflash.o
 .bss           0x00200ee8        0x0 _udivsi3.o
 .bss           0x00200ee8        0x0 _umodsi3.o
 .bss           0x00200ee8        0x0 div0.o
 .bss           0x00200ee8        0x0 udiv.o
 .bss           0x00200ee8        0x0 string.o
                0x00200ee8                _ebss = .
                0x00200ee8                end = .
Address of section .text set to 0x200000
OUTPUT(nandflash_at91sam9260ek.elf elf32-littlearm)
                0x00200ee8                . = ALIGN (0x1)
                0x00200ee8                __start_start = .

start           0x00000000        0x0
 start          0x00000000        0x0 crt0_gnu.o
                0x00000000                __stop_start = .

.ARM.attributes
                0x00000000       0x10
 .ARM.attributes
                0x00000000       0x20 crt0_gnu.o
 .ARM.attributes
                0x00000020       0x30 at91sam9260ek.o
 .ARM.attributes
                0x00000050       0x30 main.o
 .ARM.attributes
                0x00000080       0x30 gpio.o
 .ARM.attributes
                0x000000b0       0x30 pmc.o
 .ARM.attributes
                0x000000e0       0x2e debug.o
 .ARM.attributes
                0x0000010e       0x30 sdramc.o
 .ARM.attributes
                0x0000013e       0x30 nandflash.o
 .ARM.attributes
                0x0000016e       0x20 _udivsi3.o
 .ARM.attributes
                0x0000018e       0x20 _umodsi3.o
 .ARM.attributes
                0x000001ae       0x30 div0.o
 .ARM.attributes
                0x000001de       0x30 udiv.o
 .ARM.attributes
                0x0000020e       0x30 string.o

.debug_line     0x00000000      0x828
 .debug_line    0x00000000       0x84 crt0_gnu.o
 .debug_line    0x00000084       0xd6 at91sam9260ek.o
 .debug_line    0x0000015a       0x46 main.o
 .debug_line    0x000001a0      0x13b gpio.o
 .debug_line    0x000002db       0x8d pmc.o
 .debug_line    0x00000368       0x1d debug.o
 .debug_line    0x00000385       0xc8 sdramc.o
 .debug_line    0x0000044d      0x1bc nandflash.o
 .debug_line    0x00000609       0x6c _udivsi3.o
 .debug_line    0x00000675       0x79 _umodsi3.o
 .debug_line    0x000006ee       0x43 div0.o
 .debug_line    0x00000731       0xa5 udiv.o
 .debug_line    0x000007d6       0x52 string.o

.debug_info     0x00000000     0x191e
 .debug_info    0x00000000       0x87 crt0_gnu.o
 .debug_info    0x00000087      0x206 at91sam9260ek.o
 .debug_info    0x0000028d       0x65 main.o
 .debug_info    0x000002f2      0x7ec gpio.o
 .debug_info    0x00000ade      0x236 pmc.o
 .debug_info    0x00000d14        0x0 debug.o
 .debug_info    0x00000d14      0x236 sdramc.o
 .debug_info    0x00000f4a      0x612 nandflash.o
 .debug_info    0x0000155c       0x8b _udivsi3.o
 .debug_info    0x000015e7       0x8b _umodsi3.o
 .debug_info    0x00001672       0x39 div0.o
 .debug_info    0x000016ab      0x12a udiv.o
 .debug_info    0x000017d5      0x149 string.o

.debug_abbrev   0x00000000      0x954
 .debug_abbrev  0x00000000       0x14 crt0_gnu.o
 .debug_abbrev  0x00000014      0x189 at91sam9260ek.o
 .debug_abbrev  0x0000019d       0x4a main.o
 .debug_abbrev  0x000001e7      0x1ce gpio.o
 .debug_abbrev  0x000003b5       0xeb pmc.o
 .debug_abbrev  0x000004a0        0x1 debug.o
 .debug_abbrev  0x000004a1       0xcc sdramc.o
 .debug_abbrev  0x0000056d      0x1eb nandflash.o
 .debug_abbrev  0x00000758       0x14 _udivsi3.o
 .debug_abbrev  0x0000076c       0x14 _umodsi3.o
 .debug_abbrev  0x00000780       0x29 div0.o
 .debug_abbrev  0x000007a9       0xcb udiv.o
 .debug_abbrev  0x00000874       0xe0 string.o

.debug_aranges  0x00000000      0x180
 .debug_aranges
                0x00000000       0x20 crt0_gnu.o
 .debug_aranges
                0x00000020       0x20 at91sam9260ek.o
 .debug_aranges
                0x00000040       0x20 main.o
 .debug_aranges
                0x00000060       0x20 gpio.o
 .debug_aranges
                0x00000080       0x20 pmc.o
 .debug_aranges
                0x000000a0       0x20 sdramc.o
 .debug_aranges
                0x000000c0       0x20 nandflash.o
 .debug_aranges
                0x000000e0       0x20 _udivsi3.o
 .debug_aranges
                0x00000100       0x20 _umodsi3.o
 .debug_aranges
                0x00000120       0x20 div0.o
 .debug_aranges
                0x00000140       0x20 udiv.o
 .debug_aranges
                0x00000160       0x20 string.o

.debug_frame    0x00000000      0x2c8
 .debug_frame   0x00000000       0x6c at91sam9260ek.o
 .debug_frame   0x0000006c       0x28 main.o
 .debug_frame   0x00000094       0x74 gpio.o
 .debug_frame   0x00000108       0x50 pmc.o
 .debug_frame   0x00000158       0x30 sdramc.o
 .debug_frame   0x00000188       0xb0 nandflash.o
 .debug_frame   0x00000238       0x20 div0.o
 .debug_frame   0x00000258       0x28 udiv.o
 .debug_frame   0x00000280       0x48 string.o

.debug_loc      0x00000000      0xaf1
 .debug_loc     0x00000000       0x3e at91sam9260ek.o
 .debug_loc     0x0000003e       0x1f main.o
 .debug_loc     0x0000005d      0x368 gpio.o
 .debug_loc     0x000003c5       0x93 pmc.o
 .debug_loc     0x00000458       0x98 sdramc.o
 .debug_loc     0x000004f0      0x4c0 nandflash.o
 .debug_loc     0x000009b0       0x63 udiv.o
 .debug_loc     0x00000a13       0xde string.o

.debug_pubnames
                0x00000000      0x229
 .debug_pubnames
                0x00000000       0x8a at91sam9260ek.o
 .debug_pubnames
                0x0000008a       0x1b main.o
 .debug_pubnames
                0x000000a5       0x44 gpio.o
 .debug_pubnames
                0x000000e9       0x54 pmc.o
 .debug_pubnames
                0x0000013d       0x21 sdramc.o
 .debug_pubnames
                0x0000015e       0x61 nandflash.o
 .debug_pubnames
                0x000001bf       0x1d div0.o
 .debug_pubnames
                0x000001dc       0x1b udiv.o
 .debug_pubnames
                0x000001f7       0x32 string.o

.debug_str      0x00000000      0x7a8
 .debug_str     0x00000000      0x1af at91sam9260ek.o
                                0x1d9 (size before relaxing)
 .debug_str     0x000001af       0x15 main.o
                                 0xb7 (size before relaxing)
 .debug_str     0x000001c4       0xf9 gpio.o
                                0x1fe (size before relaxing)
 .debug_str     0x000002bd       0x92 pmc.o
                                0x129 (size before relaxing)
 .debug_str     0x0000034f       0x4f sdramc.o
                                 0xe6 (size before relaxing)
 .debug_str     0x0000039e      0x33b nandflash.o
                                0x3ff (size before relaxing)
 .debug_str     0x000006d9       0x1b div0.o
                                 0x8a (size before relaxing)
 .debug_str     0x000006f4       0x7e udiv.o
                                0x147 (size before relaxing)
 .debug_str     0x00000772       0x36 string.o
                                 0xd6 (size before relaxing)

.comment        0x00000000      0x302
 .comment       0x00000000       0x4d at91sam9260ek.o
 .comment       0x0000004d       0x4d main.o
 .comment       0x0000009a       0x4d gpio.o
 .comment       0x000000e7       0x4d pmc.o
 .comment       0x00000134       0x4d debug.o
 .comment       0x00000181       0x4d sdramc.o
 .comment       0x000001ce       0x4d nandflash.o
 .comment       0x0000021b       0x4d div0.o
 .comment       0x00000268       0x4d udiv.o
 .comment       0x000002b5       0x4d string.o

.note.GNU-stack
                0x00000000        0x0
 .note.GNU-stack
                0x00000000        0x0 at91sam9260ek.o
 .note.GNU-stack
                0x00000000        0x0 main.o
 .note.GNU-stack
                0x00000000        0x0 gpio.o
 .note.GNU-stack
                0x00000000        0x0 pmc.o
 .note.GNU-stack
                0x00000000        0x0 debug.o
 .note.GNU-stack
                0x00000000        0x0 sdramc.o
 .note.GNU-stack
                0x00000000        0x0 nandflash.o
 .note.GNU-stack
                0x00000000        0x0 div0.o
 .note.GNU-stack
                0x00000000        0x0 udiv.o
 .note.GNU-stack
                0x00000000        0x0 string.o

.debug_ranges   0x00000000      0x240
 .debug_ranges  0x00000000       0xc0 gpio.o
 .debug_ranges  0x000000c0       0xd8 pmc.o
 .debug_ranges  0x00000198       0x68 sdramc.o
 .debug_ranges  0x00000200       0x40 nandflash.o

Cross Reference Table

Symbol                                            File
AT91F_NandEraseBlock0                             nandflash.o
AT91F_NandRead                                    nandflash.o
CheckBlock                                        nandflash.o
__aeabi_uidiv                                     _udivsi3.o
                                                  _umodsi3.o
                                                  nandflash.o
__aeabi_uidivmod                                  _umodsi3.o
                                                  nandflash.o
__div0                                            div0.o
                                                  _umodsi3.o
                                                  _udivsi3.o
__udivsi3                                         _udivsi3.o
__umodsi3                                         _umodsi3.o
_ebss                                             crt0_gnu.o
_edata                                            crt0_gnu.o
_etext                                            crt0_gnu.o
_sbss                                             crt0_gnu.o
_sdata                                            crt0_gnu.o
bcopy                                             string.o
hw_init                                           at91sam9260ek.o
                                                  main.o
load_nandflash                                    nandflash.o
                                                  main.o
main                                              main.o
                                                  crt0_gnu.o
memcpy                                            string.o
memset                                            string.o
                                                  at91sam9260ek.o
nandflash_cfg_16bits_dbw_init                     at91sam9260ek.o
nandflash_cfg_8bits_dbw_init                      at91sam9260ek.o
                                                  nandflash.o
nandflash_hw_init                                 at91sam9260ek.o
                                                  nandflash.o
pio_get_value                                     gpio.o
pio_set_value                                     gpio.o
pio_setup                                         gpio.o
                                                  at91sam9260ek.o
pmc_cfg_mck                                       pmc.o
                                                  at91sam9260ek.o
pmc_cfg_pck                                       pmc.o
pmc_cfg_plla                                      pmc.o
                                                  at91sam9260ek.o
pmc_cfg_pllb                                      pmc.o
                                                  at91sam9260ek.o
reset                                             crt0_gnu.o
sdram_init                                        sdramc.o
                                                  at91sam9260ek.o
sdramc_hw_init                                    at91sam9260ek.o
                                                  sdramc.o
udiv                                              udiv.o
