
Memory Configuration

Name             Origin             Length             Attributes
*default*        0x00000000         0xffffffff

Linker script and memory map

LOAD crt0_gnu.o
LOAD at91sam9m10ekes.o
LOAD main.o
LOAD gpio.o
LOAD pmc.o
LOAD debug.o
LOAD sdramc.o
LOAD ddramc.o
LOAD dataflash.o
LOAD _udivsi3.o
LOAD _umodsi3.o
LOAD div0.o
LOAD udiv.o
LOAD string.o
                0x00000000                . = ALIGN (0x4)

.text           0x00300000     0x1188
                0x00300000                _stext = .
 *(.text)
 .text          0x00300000      0x130 crt0_gnu.o
                0x00300000                reset
 .text          0x00300130       0xfc at91sam9m10ekes.o
                0x00300140                ddramc_hw_init
                0x00300134                df_hw_init
                0x003001a8                hw_init
                0x00300130                df_recovery
 .text          0x0030022c       0x30 main.o
                0x0030022c                main
 .text          0x0030025c      0x238 gpio.o
                0x0030028c                pio_set_value
                0x0030025c                pio_get_value
                0x003002c8                pio_setup
 .text          0x00300494       0xa8 pmc.o
                0x003004d0                pmc_cfg_plla
                0x0030049c                pmc_cfg_mck
                0x00300494                pmc_cfg_pllutmi
                0x00300504                pmc_cfg_pck
 .text          0x0030053c       0x64 debug.o
                0x0030053c                dbg_print
                0x00300574                dbg_init
 .text          0x003005a0        0x0 sdramc.o
 .text          0x003005a0      0x488 ddramc.o
                0x003005b0                ddram_init
 .text          0x00300a28      0x3d0 dataflash.o
                0x00300bf4                load_df
                0x00300a28                df_send_command
 .text          0x00300df8       0x98 _udivsi3.o
                0x00300df8                __udivsi3
                0x00300df8                __aeabi_uidiv
 .text          0x00300e90       0xcc _umodsi3.o
                0x00300e90                __umodsi3
                0x00300f44                __aeabi_uidivmod
 .text          0x00300f5c        0x4 div0.o
                0x00300f5c                __div0
 .text          0x00300f60       0x58 udiv.o
                0x00300f60                udiv
 .text          0x00300fb8       0xb4 string.o
                0x00301050                memcpy
                0x00300fdc                bcopy
                0x00300fb8                memset
 *(.rodata)
 .rodata        0x0030106c       0xb4 at91sam9m10ekes.o
 *(.rodata*)
 .rodata.str1.4
                0x00301120       0x4c at91sam9m10ekes.o
 .rodata.str1.4
                0x0030116c       0x1c dataflash.o
                0x00301188                . = ALIGN (0x4)
                0x00301188                _etext = .

.glue_7         0x00301188        0x0
 .glue_7        0x00301188        0x0 crt0_gnu.o
 .glue_7        0x00301188        0x0 at91sam9m10ekes.o
 .glue_7        0x00301188        0x0 main.o
 .glue_7        0x00301188        0x0 gpio.o
 .glue_7        0x00301188        0x0 pmc.o
 .glue_7        0x00301188        0x0 debug.o
 .glue_7        0x00301188        0x0 sdramc.o
 .glue_7        0x00301188        0x0 ddramc.o
 .glue_7        0x00301188        0x0 dataflash.o
 .glue_7        0x00301188        0x0 _udivsi3.o
 .glue_7        0x00301188        0x0 _umodsi3.o
 .glue_7        0x00301188        0x0 div0.o
 .glue_7        0x00301188        0x0 udiv.o
 .glue_7        0x00301188        0x0 string.o

.glue_7t        0x00301188        0x0
 .glue_7t       0x00301188        0x0 crt0_gnu.o
 .glue_7t       0x00301188        0x0 at91sam9m10ekes.o
 .glue_7t       0x00301188        0x0 main.o
 .glue_7t       0x00301188        0x0 gpio.o
 .glue_7t       0x00301188        0x0 pmc.o
 .glue_7t       0x00301188        0x0 debug.o
 .glue_7t       0x00301188        0x0 sdramc.o
 .glue_7t       0x00301188        0x0 ddramc.o
 .glue_7t       0x00301188        0x0 dataflash.o
 .glue_7t       0x00301188        0x0 _udivsi3.o
 .glue_7t       0x00301188        0x0 _umodsi3.o
 .glue_7t       0x00301188        0x0 div0.o
 .glue_7t       0x00301188        0x0 udiv.o
 .glue_7t       0x00301188        0x0 string.o

.vfp11_veneer   0x00301188        0x0
 .vfp11_veneer  0x00301188        0x0 crt0_gnu.o
 .vfp11_veneer  0x00301188        0x0 at91sam9m10ekes.o
 .vfp11_veneer  0x00301188        0x0 main.o
 .vfp11_veneer  0x00301188        0x0 gpio.o
 .vfp11_veneer  0x00301188        0x0 pmc.o
 .vfp11_veneer  0x00301188        0x0 debug.o
 .vfp11_veneer  0x00301188        0x0 sdramc.o
 .vfp11_veneer  0x00301188        0x0 ddramc.o
 .vfp11_veneer  0x00301188        0x0 dataflash.o
 .vfp11_veneer  0x00301188        0x0 _udivsi3.o
 .vfp11_veneer  0x00301188        0x0 _umodsi3.o
 .vfp11_veneer  0x00301188        0x0 div0.o
 .vfp11_veneer  0x00301188        0x0 udiv.o
 .vfp11_veneer  0x00301188        0x0 string.o

.data           0x00301188       0x18 load address 0x00301188
                0x00301188                _sdata = .
 *(.vectors)
 *(.data)
 .data          0x00301188        0x0 crt0_gnu.o
 .data          0x00301188       0x18 at91sam9m10ekes.o
 .data          0x003011a0        0x0 main.o
 .data          0x003011a0        0x0 gpio.o
 .data          0x003011a0        0x0 pmc.o
 .data          0x003011a0        0x0 debug.o
 .data          0x003011a0        0x0 sdramc.o
 .data          0x003011a0        0x0 ddramc.o
 .data          0x003011a0        0x0 dataflash.o
 .data          0x003011a0        0x0 _udivsi3.o
 .data          0x003011a0        0x0 _umodsi3.o
 .data          0x003011a0        0x0 div0.o
 .data          0x003011a0        0x0 udiv.o
 .data          0x003011a0        0x0 string.o
                0x003011a0                _edata = .

.bss            0x003011a0        0x0
                0x003011a0                . = ALIGN (0x4)
                0x003011a0                _sbss = .
 *(.bss)
 .bss           0x003011a0        0x0 crt0_gnu.o
 .bss           0x003011a0        0x0 at91sam9m10ekes.o
 .bss           0x003011a0        0x0 main.o
 .bss           0x003011a0        0x0 gpio.o
 .bss           0x003011a0        0x0 pmc.o
 .bss           0x003011a0        0x0 debug.o
 .bss           0x003011a0        0x0 sdramc.o
 .bss           0x003011a0        0x0 ddramc.o
 .bss           0x003011a0        0x0 dataflash.o
 .bss           0x003011a0        0x0 _udivsi3.o
 .bss           0x003011a0        0x0 _umodsi3.o
 .bss           0x003011a0        0x0 div0.o
 .bss           0x003011a0        0x0 udiv.o
 .bss           0x003011a0        0x0 string.o
                0x003011a0                _ebss = .
                0x003011a0                end = .
Address of section .text set to 0x300000
OUTPUT(dataflash_at91sam9m10ekes.elf elf32-littlearm)
                0x003011a0                . = ALIGN (0x1)
                0x003011a0                __start_start = .

start           0x00000000        0x0
 start          0x00000000        0x0 crt0_gnu.o
                0x00000000                __stop_start = .

.ARM.attributes
                0x00000000       0x10
 .ARM.attributes
                0x00000000       0x20 crt0_gnu.o
 .ARM.attributes
                0x00000020       0x30 at91sam9m10ekes.o
 .ARM.attributes
                0x00000050       0x30 main.o
 .ARM.attributes
                0x00000080       0x30 gpio.o
 .ARM.attributes
                0x000000b0       0x30 pmc.o
 .ARM.attributes
                0x000000e0       0x30 debug.o
 .ARM.attributes
                0x00000110       0x2e sdramc.o
 .ARM.attributes
                0x0000013e       0x30 ddramc.o
 .ARM.attributes
                0x0000016e       0x30 dataflash.o
 .ARM.attributes
                0x0000019e       0x20 _udivsi3.o
 .ARM.attributes
                0x000001be       0x20 _umodsi3.o
 .ARM.attributes
                0x000001de       0x30 div0.o
 .ARM.attributes
                0x0000020e       0x30 udiv.o
 .ARM.attributes
                0x0000023e       0x30 string.o

.debug_line     0x00000000      0x960
 .debug_line    0x00000000       0x84 crt0_gnu.o
 .debug_line    0x00000084       0xe8 at91sam9m10ekes.o
 .debug_line    0x0000016c       0x44 main.o
 .debug_line    0x000001b0      0x12a gpio.o
 .debug_line    0x000002da       0x74 pmc.o
 .debug_line    0x0000034e       0x5d debug.o
 .debug_line    0x000003ab       0x1d sdramc.o
 .debug_line    0x000003c8       0xca ddramc.o
 .debug_line    0x00000492      0x1be dataflash.o
 .debug_line    0x00000650       0x6c _udivsi3.o
 .debug_line    0x000006bc       0x79 _umodsi3.o
 .debug_line    0x00000735       0x43 div0.o
 .debug_line    0x00000778      0x18a udiv.o
 .debug_line    0x00000902       0x5e string.o

.debug_info     0x00000000     0x2090
 .debug_info    0x00000000       0x91 crt0_gnu.o
 .debug_info    0x00000091      0x374 at91sam9m10ekes.o
 .debug_info    0x00000405       0x65 main.o
 .debug_info    0x0000046a      0x8be gpio.o
 .debug_info    0x00000d28      0x213 pmc.o
 .debug_info    0x00000f3b      0x17e debug.o
 .debug_info    0x000010b9        0x0 sdramc.o
 .debug_info    0x000010b9      0x17f ddramc.o
 .debug_info    0x00001238      0x7f8 dataflash.o
 .debug_info    0x00001a30       0x95 _udivsi3.o
 .debug_info    0x00001ac5       0x95 _umodsi3.o
 .debug_info    0x00001b5a       0x39 div0.o
 .debug_info    0x00001b93      0x3ac udiv.o
 .debug_info    0x00001f3f      0x151 string.o

.debug_abbrev   0x00000000      0xb3c
 .debug_abbrev  0x00000000       0x14 crt0_gnu.o
 .debug_abbrev  0x00000014      0x17d at91sam9m10ekes.o
 .debug_abbrev  0x00000191       0x4a main.o
 .debug_abbrev  0x000001db      0x1bb gpio.o
 .debug_abbrev  0x00000396       0xec pmc.o
 .debug_abbrev  0x00000482       0xfa debug.o
 .debug_abbrev  0x0000057c        0x1 sdramc.o
 .debug_abbrev  0x0000057d       0xe0 ddramc.o
 .debug_abbrev  0x0000065d      0x292 dataflash.o
 .debug_abbrev  0x000008ef       0x14 _udivsi3.o
 .debug_abbrev  0x00000903       0x14 _umodsi3.o
 .debug_abbrev  0x00000917       0x29 div0.o
 .debug_abbrev  0x00000940      0x129 udiv.o
 .debug_abbrev  0x00000a69       0xd3 string.o

.debug_aranges  0x00000000      0x1a0
 .debug_aranges
                0x00000000       0x20 crt0_gnu.o
 .debug_aranges
                0x00000020       0x20 at91sam9m10ekes.o
 .debug_aranges
                0x00000040       0x20 main.o
 .debug_aranges
                0x00000060       0x20 gpio.o
 .debug_aranges
                0x00000080       0x20 pmc.o
 .debug_aranges
                0x000000a0       0x20 debug.o
 .debug_aranges
                0x000000c0       0x20 ddramc.o
 .debug_aranges
                0x000000e0       0x20 dataflash.o
 .debug_aranges
                0x00000100       0x20 _udivsi3.o
 .debug_aranges
                0x00000120       0x20 _umodsi3.o
 .debug_aranges
                0x00000140       0x20 div0.o
 .debug_aranges
                0x00000160       0x20 udiv.o
 .debug_aranges
                0x00000180       0x20 string.o

.debug_frame    0x00000000      0x2b4
 .debug_frame   0x00000000       0x64 at91sam9m10ekes.o
 .debug_frame   0x00000064       0x28 main.o
 .debug_frame   0x0000008c       0x48 gpio.o
 .debug_frame   0x000000d4       0x50 pmc.o
 .debug_frame   0x00000124       0x30 debug.o
 .debug_frame   0x00000154       0x54 ddramc.o
 .debug_frame   0x000001a8       0x7c dataflash.o
 .debug_frame   0x00000224       0x20 div0.o
 .debug_frame   0x00000244       0x28 udiv.o
 .debug_frame   0x0000026c       0x48 string.o

.debug_loc      0x00000000      0x8f5
 .debug_loc     0x00000000       0x5d at91sam9m10ekes.o
 .debug_loc     0x0000005d       0x1f main.o
 .debug_loc     0x0000007c      0x376 gpio.o
 .debug_loc     0x000003f2       0x72 pmc.o
 .debug_loc     0x00000464       0xab ddramc.o
 .debug_loc     0x0000050f      0x27f dataflash.o
 .debug_loc     0x0000078e       0x63 udiv.o
 .debug_loc     0x000007f1      0x104 string.o

.debug_pubnames
                0x00000000      0x1f0
 .debug_pubnames
                0x00000000       0x50 at91sam9m10ekes.o
 .debug_pubnames
                0x00000050       0x1b main.o
 .debug_pubnames
                0x0000006b       0x44 gpio.o
 .debug_pubnames
                0x000000af       0x57 pmc.o
 .debug_pubnames
                0x00000106       0x2d debug.o
 .debug_pubnames
                0x00000133       0x21 ddramc.o
 .debug_pubnames
                0x00000154       0x32 dataflash.o
 .debug_pubnames
                0x00000186       0x1d div0.o
 .debug_pubnames
                0x000001a3       0x1b udiv.o
 .debug_pubnames
                0x000001be       0x32 string.o

.debug_str      0x00000000      0x843
 .debug_str     0x00000000      0x25d at91sam9m10ekes.o
                                0x2b1 (size before relaxing)
 .debug_str     0x0000025d       0x28 main.o
                                 0xc1 (size before relaxing)
 .debug_str     0x00000285       0xf2 gpio.o
                                0x208 (size before relaxing)
 .debug_str     0x00000377       0x97 pmc.o
                                0x138 (size before relaxing)
 .debug_str     0x0000040e       0x49 debug.o
                                 0xe1 (size before relaxing)
 .debug_str     0x00000457       0x64 ddramc.o
                                0x15d (size before relaxing)
 .debug_str     0x000004bb      0x16d dataflash.o
                                0x32d (size before relaxing)
 .debug_str     0x00000628       0x1b div0.o
                                 0x94 (size before relaxing)
 .debug_str     0x00000643      0x1c3 udiv.o
                                0x2df (size before relaxing)
 .debug_str     0x00000806       0x3d string.o
                                 0xe0 (size before relaxing)

.comment        0x00000000      0x34f
 .comment       0x00000000       0x4d at91sam9m10ekes.o
 .comment       0x0000004d       0x4d main.o
 .comment       0x0000009a       0x4d gpio.o
 .comment       0x000000e7       0x4d pmc.o
 .comment       0x00000134       0x4d debug.o
 .comment       0x00000181       0x4d sdramc.o
 .comment       0x000001ce       0x4d ddramc.o
 .comment       0x0000021b       0x4d dataflash.o
 .comment       0x00000268       0x4d div0.o
 .comment       0x000002b5       0x4d udiv.o
 .comment       0x00000302       0x4d string.o

.note.GNU-stack
                0x00000000        0x0
 .note.GNU-stack
                0x00000000        0x0 at91sam9m10ekes.o
 .note.GNU-stack
                0x00000000        0x0 main.o
 .note.GNU-stack
                0x00000000        0x0 gpio.o
 .note.GNU-stack
                0x00000000        0x0 pmc.o
 .note.GNU-stack
                0x00000000        0x0 debug.o
 .note.GNU-stack
                0x00000000        0x0 sdramc.o
 .note.GNU-stack
                0x00000000        0x0 ddramc.o
 .note.GNU-stack
                0x00000000        0x0 dataflash.o
 .note.GNU-stack
                0x00000000        0x0 div0.o
 .note.GNU-stack
                0x00000000        0x0 udiv.o
 .note.GNU-stack
                0x00000000        0x0 string.o

.debug_ranges   0x00000000      0x388
 .debug_ranges  0x00000000       0x30 gpio.o
 .debug_ranges  0x00000030       0x90 pmc.o
 .debug_ranges  0x000000c0       0x60 debug.o
 .debug_ranges  0x00000120      0x268 dataflash.o

Cross Reference Table

Symbol                                            File
__aeabi_uidiv                                     _udivsi3.o
                                                  _umodsi3.o
__aeabi_uidivmod                                  _umodsi3.o
__div0                                            div0.o
                                                  _umodsi3.o
                                                  _udivsi3.o
__udivsi3                                         _udivsi3.o
__umodsi3                                         _umodsi3.o
_ebss                                             crt0_gnu.o
_edata                                            crt0_gnu.o
_etext                                            crt0_gnu.o
_sbss                                             crt0_gnu.o
_sdata                                            crt0_gnu.o
bcopy                                             string.o
dbg_init                                          debug.o
                                                  at91sam9m10ekes.o
dbg_print                                         debug.o
                                                  dataflash.o
                                                  at91sam9m10ekes.o
ddram_init                                        ddramc.o
                                                  at91sam9m10ekes.o
ddramc_hw_init                                    at91sam9m10ekes.o
df_hw_init                                        at91sam9m10ekes.o
                                                  dataflash.o
df_recovery                                       at91sam9m10ekes.o
df_send_command                                   dataflash.o
hw_init                                           at91sam9m10ekes.o
                                                  main.o
load_df                                           dataflash.o
                                                  main.o
main                                              main.o
                                                  crt0_gnu.o
memcpy                                            string.o
memset                                            string.o
pio_get_value                                     gpio.o
pio_set_value                                     gpio.o
pio_setup                                         gpio.o
                                                  at91sam9m10ekes.o
pmc_cfg_mck                                       pmc.o
                                                  at91sam9m10ekes.o
pmc_cfg_pck                                       pmc.o
pmc_cfg_plla                                      pmc.o
                                                  at91sam9m10ekes.o
pmc_cfg_pllutmi                                   pmc.o
reset                                             crt0_gnu.o
udiv                                              udiv.o
                                                  dataflash.o
