
Memory Configuration

Name             Origin             Length             Attributes
*default*        0x00000000         0xffffffff

Linker script and memory map

LOAD crt0_gnu.o
LOAD at91sam9g10ek.o
LOAD main.o
LOAD gpio.o
LOAD pmc.o
LOAD debug.o
LOAD sdramc.o
LOAD nandflash.o
LOAD _udivsi3.o
LOAD _umodsi3.o
LOAD div0.o
LOAD udiv.o
LOAD string.o
                0x00000000                . = ALIGN (0x4)

.text           0x00300000     0x1164
                0x00300000                _stext = .
 *(.text)
 .text          0x00300000      0x130 crt0_gnu.o
                0x00300000                reset
 .text          0x00300130      0x194 at91sam9g10ek.o
                0x00300130                nandflash_cfg_16bits_dbw_init
                0x00300144                nandflash_cfg_8bits_dbw_init
                0x003001ec                hw_init
                0x00300158                nandflash_hw_init
                0x003001cc                sdramc_hw_init
 .text          0x003002c4       0x2c main.o
                0x003002c4                main
 .text          0x003002f0      0x230 gpio.o
                0x003004d0                pio_set_value
                0x003002f8                pio_get_value
                0x00300334                pio_setup
 .text          0x00300520       0xd4 pmc.o
                0x00300520                pmc_cfg_plla
                0x0030058c                pmc_cfg_mck
                0x003005c0                pmc_cfg_pllb
                0x00300554                pmc_cfg_pck
 .text          0x003005f4       0x58 debug.o
                0x003005f4                dbg_print
                0x00300624                dbg_init
 .text          0x0030064c      0x134 sdramc.o
                0x0030064c                sdram_init
 .text          0x00300780      0x4ec nandflash.o
                0x0030097c                CheckBlock
                0x003009e8                AT91F_NandRead
                0x00300780                AT91F_NandEraseBlock0
                0x00300a44                load_nandflash
 .text          0x00300c6c       0x98 _udivsi3.o
                0x00300c6c                __udivsi3
                0x00300c6c                __aeabi_uidiv
 .text          0x00300d04       0xcc _umodsi3.o
                0x00300d04                __umodsi3
                0x00300db8                __aeabi_uidivmod
 .text          0x00300dd0        0x4 div0.o
                0x00300dd0                __div0
 .text          0x00300dd4       0x54 udiv.o
                0x00300dd4                udiv
 .text          0x00300e28       0xa0 string.o
                0x00300ea8                memcpy
                0x00300e44                bcopy
                0x00300e28                memset
 *(.rodata)
 .rodata        0x00300ec8      0x1f4 at91sam9g10ek.o
 *(.rodata*)
 .rodata.str1.4
                0x003010bc       0x84 at91sam9g10ek.o
 .rodata.str1.4
                0x00301140       0x24 nandflash.o
                0x00301164                . = ALIGN (0x4)
                0x00301164                _etext = .

.glue_7         0x00301164        0x0
 .glue_7        0x00301164        0x0 crt0_gnu.o
 .glue_7        0x00301164        0x0 at91sam9g10ek.o
 .glue_7        0x00301164        0x0 main.o
 .glue_7        0x00301164        0x0 gpio.o
 .glue_7        0x00301164        0x0 pmc.o
 .glue_7        0x00301164        0x0 debug.o
 .glue_7        0x00301164        0x0 sdramc.o
 .glue_7        0x00301164        0x0 nandflash.o
 .glue_7        0x00301164        0x0 _udivsi3.o
 .glue_7        0x00301164        0x0 _umodsi3.o
 .glue_7        0x00301164        0x0 div0.o
 .glue_7        0x00301164        0x0 udiv.o
 .glue_7        0x00301164        0x0 string.o

.glue_7t        0x00301164        0x0
 .glue_7t       0x00301164        0x0 crt0_gnu.o
 .glue_7t       0x00301164        0x0 at91sam9g10ek.o
 .glue_7t       0x00301164        0x0 main.o
 .glue_7t       0x00301164        0x0 gpio.o
 .glue_7t       0x00301164        0x0 pmc.o
 .glue_7t       0x00301164        0x0 debug.o
 .glue_7t       0x00301164        0x0 sdramc.o
 .glue_7t       0x00301164        0x0 nandflash.o
 .glue_7t       0x00301164        0x0 _udivsi3.o
 .glue_7t       0x00301164        0x0 _umodsi3.o
 .glue_7t       0x00301164        0x0 div0.o
 .glue_7t       0x00301164        0x0 udiv.o
 .glue_7t       0x00301164        0x0 string.o

.vfp11_veneer   0x00301164        0x0
 .vfp11_veneer  0x00301164        0x0 crt0_gnu.o
 .vfp11_veneer  0x00301164        0x0 at91sam9g10ek.o
 .vfp11_veneer  0x00301164        0x0 main.o
 .vfp11_veneer  0x00301164        0x0 gpio.o
 .vfp11_veneer  0x00301164        0x0 pmc.o
 .vfp11_veneer  0x00301164        0x0 debug.o
 .vfp11_veneer  0x00301164        0x0 sdramc.o
 .vfp11_veneer  0x00301164        0x0 nandflash.o
 .vfp11_veneer  0x00301164        0x0 _udivsi3.o
 .vfp11_veneer  0x00301164        0x0 _umodsi3.o
 .vfp11_veneer  0x00301164        0x0 div0.o
 .vfp11_veneer  0x00301164        0x0 udiv.o
 .vfp11_veneer  0x00301164        0x0 string.o

.data           0x00301164       0x70 load address 0x00301164
                0x00301164                _sdata = .
 *(.vectors)
 *(.data)
 .data          0x00301164        0x0 crt0_gnu.o
 .data          0x00301164        0x0 at91sam9g10ek.o
 .data          0x00301164        0x0 main.o
 .data          0x00301164        0x0 gpio.o
 .data          0x00301164        0x0 pmc.o
 .data          0x00301164        0x0 debug.o
 .data          0x00301164        0x0 sdramc.o
 .data          0x00301164       0x70 nandflash.o
 .data          0x003011d4        0x0 _udivsi3.o
 .data          0x003011d4        0x0 _umodsi3.o
 .data          0x003011d4        0x0 div0.o
 .data          0x003011d4        0x0 udiv.o
 .data          0x003011d4        0x0 string.o
                0x003011d4                _edata = .

.bss            0x003011d4        0x0
                0x003011d4                . = ALIGN (0x4)
                0x003011d4                _sbss = .
 *(.bss)
 .bss           0x003011d4        0x0 crt0_gnu.o
 .bss           0x003011d4        0x0 at91sam9g10ek.o
 .bss           0x003011d4        0x0 main.o
 .bss           0x003011d4        0x0 gpio.o
 .bss           0x003011d4        0x0 pmc.o
 .bss           0x003011d4        0x0 debug.o
 .bss           0x003011d4        0x0 sdramc.o
 .bss           0x003011d4        0x0 nandflash.o
 .bss           0x003011d4        0x0 _udivsi3.o
 .bss           0x003011d4        0x0 _umodsi3.o
 .bss           0x003011d4        0x0 div0.o
 .bss           0x003011d4        0x0 udiv.o
 .bss           0x003011d4        0x0 string.o
                0x003011d4                _ebss = .
                0x003011d4                end = .
Address of section .text set to 0x300000
OUTPUT(nandflash_at91sam9g10ek.elf elf32-littlearm)
                0x003011d4                . = ALIGN (0x1)
                0x003011d4                __start_start = .

start           0x00000000        0x0
 start          0x00000000        0x0 crt0_gnu.o
                0x00000000                __stop_start = .

.ARM.attributes
                0x00000000       0x10
 .ARM.attributes
                0x00000000       0x1a crt0_gnu.o
 .ARM.attributes
                0x0000001a       0x2a at91sam9g10ek.o
 .ARM.attributes
                0x00000044       0x2a main.o
 .ARM.attributes
                0x0000006e       0x2a gpio.o
 .ARM.attributes
                0x00000098       0x2a pmc.o
 .ARM.attributes
                0x000000c2       0x2a debug.o
 .ARM.attributes
                0x000000ec       0x2a sdramc.o
 .ARM.attributes
                0x00000116       0x2a nandflash.o
 .ARM.attributes
                0x00000140       0x1a _udivsi3.o
 .ARM.attributes
                0x0000015a       0x1a _umodsi3.o
 .ARM.attributes
                0x00000174       0x2a div0.o
 .ARM.attributes
                0x0000019e       0x2a udiv.o
 .ARM.attributes
                0x000001c8       0x2a string.o

.debug_line     0x00000000      0x84f
 .debug_line    0x00000000       0x84 crt0_gnu.o
 .debug_line    0x00000084       0xf2 at91sam9g10ek.o
 .debug_line    0x00000176       0x4b main.o
 .debug_line    0x000001c1      0x125 gpio.o
 .debug_line    0x000002e6       0x82 pmc.o
 .debug_line    0x00000368       0x63 debug.o
 .debug_line    0x000003cb       0xc7 sdramc.o
 .debug_line    0x00000492      0x19e nandflash.o
 .debug_line    0x00000630       0x6c _udivsi3.o
 .debug_line    0x0000069c       0x79 _umodsi3.o
 .debug_line    0x00000715       0x43 div0.o
 .debug_line    0x00000758       0xa5 udiv.o
 .debug_line    0x000007fd       0x52 string.o

.debug_info     0x00000000     0x1ab9
 .debug_info    0x00000000       0x87 crt0_gnu.o
 .debug_info    0x00000087      0x22f at91sam9g10ek.o
 .debug_info    0x000002b6       0x65 main.o
 .debug_info    0x0000031b      0x7f0 gpio.o
 .debug_info    0x00000b0b      0x23a pmc.o
 .debug_info    0x00000d45      0x17a debug.o
 .debug_info    0x00000ebf      0x232 sdramc.o
 .debug_info    0x000010f1      0x606 nandflash.o
 .debug_info    0x000016f7       0x8b _udivsi3.o
 .debug_info    0x00001782       0x8b _umodsi3.o
 .debug_info    0x0000180d       0x39 div0.o
 .debug_info    0x00001846      0x12a udiv.o
 .debug_info    0x00001970      0x149 string.o

.debug_abbrev   0x00000000      0xa1b
 .debug_abbrev  0x00000000       0x14 crt0_gnu.o
 .debug_abbrev  0x00000014      0x130 at91sam9g10ek.o
 .debug_abbrev  0x00000144       0x4a main.o
 .debug_abbrev  0x0000018e      0x1ce gpio.o
 .debug_abbrev  0x0000035c      0x105 pmc.o
 .debug_abbrev  0x00000461      0x107 debug.o
 .debug_abbrev  0x00000568       0xcc sdramc.o
 .debug_abbrev  0x00000634      0x1eb nandflash.o
 .debug_abbrev  0x0000081f       0x14 _udivsi3.o
 .debug_abbrev  0x00000833       0x14 _umodsi3.o
 .debug_abbrev  0x00000847       0x29 div0.o
 .debug_abbrev  0x00000870       0xcb udiv.o
 .debug_abbrev  0x0000093b       0xe0 string.o

.debug_aranges  0x00000000      0x1a0
 .debug_aranges
                0x00000000       0x20 crt0_gnu.o
 .debug_aranges
                0x00000020       0x20 at91sam9g10ek.o
 .debug_aranges
                0x00000040       0x20 main.o
 .debug_aranges
                0x00000060       0x20 gpio.o
 .debug_aranges
                0x00000080       0x20 pmc.o
 .debug_aranges
                0x000000a0       0x20 debug.o
 .debug_aranges
                0x000000c0       0x20 sdramc.o
 .debug_aranges
                0x000000e0       0x20 nandflash.o
 .debug_aranges
                0x00000100       0x20 _udivsi3.o
 .debug_aranges
                0x00000120       0x20 _umodsi3.o
 .debug_aranges
                0x00000140       0x20 div0.o
 .debug_aranges
                0x00000160       0x20 udiv.o
 .debug_aranges
                0x00000180       0x20 string.o

.debug_frame    0x00000000      0x2fc
 .debug_frame   0x00000000       0x78 at91sam9g10ek.o
 .debug_frame   0x00000078       0x28 main.o
 .debug_frame   0x000000a0       0x74 gpio.o
 .debug_frame   0x00000114       0x50 pmc.o
 .debug_frame   0x00000164       0x30 debug.o
 .debug_frame   0x00000194       0x30 sdramc.o
 .debug_frame   0x000001c4       0xa8 nandflash.o
 .debug_frame   0x0000026c       0x20 div0.o
 .debug_frame   0x0000028c       0x28 udiv.o
 .debug_frame   0x000002b4       0x48 string.o

.debug_loc      0x00000000      0xaa7
 .debug_loc     0x00000000       0x88 at91sam9g10ek.o
 .debug_loc     0x00000088       0x1f main.o
 .debug_loc     0x000000a7      0x394 gpio.o
 .debug_loc     0x0000043b       0x93 pmc.o
 .debug_loc     0x000004ce       0x98 sdramc.o
 .debug_loc     0x00000566      0x400 nandflash.o
 .debug_loc     0x00000966       0x63 udiv.o
 .debug_loc     0x000009c9       0xde string.o

.debug_pubnames
                0x00000000      0x256
 .debug_pubnames
                0x00000000       0x8a at91sam9g10ek.o
 .debug_pubnames
                0x0000008a       0x1b main.o
 .debug_pubnames
                0x000000a5       0x44 gpio.o
 .debug_pubnames
                0x000000e9       0x54 pmc.o
 .debug_pubnames
                0x0000013d       0x2d debug.o
 .debug_pubnames
                0x0000016a       0x21 sdramc.o
 .debug_pubnames
                0x0000018b       0x61 nandflash.o
 .debug_pubnames
                0x000001ec       0x1d div0.o
 .debug_pubnames
                0x00000209       0x1b udiv.o
 .debug_pubnames
                0x00000224       0x32 string.o

.debug_str      0x00000000      0x7ee
 .debug_str     0x00000000      0x1ac at91sam9g10ek.o
                                0x1d6 (size before relaxing)
 .debug_str     0x000001ac       0x15 main.o
                                 0xb7 (size before relaxing)
 .debug_str     0x000001c1       0xf9 gpio.o
                                0x1fe (size before relaxing)
 .debug_str     0x000002ba       0x92 pmc.o
                                0x129 (size before relaxing)
 .debug_str     0x0000034c       0x49 debug.o
                                 0xd7 (size before relaxing)
 .debug_str     0x00000395       0x4f sdramc.o
                                 0xe6 (size before relaxing)
 .debug_str     0x000003e4      0x33b nandflash.o
                                0x3ff (size before relaxing)
 .debug_str     0x0000071f       0x1b div0.o
                                 0x8a (size before relaxing)
 .debug_str     0x0000073a       0x7e udiv.o
                                0x147 (size before relaxing)
 .debug_str     0x000007b8       0x36 string.o
                                 0xd6 (size before relaxing)

.comment        0x00000000      0x302
 .comment       0x00000000       0x4d at91sam9g10ek.o
 .comment       0x0000004d       0x4d main.o
 .comment       0x0000009a       0x4d gpio.o
 .comment       0x000000e7       0x4d pmc.o
 .comment       0x00000134       0x4d debug.o
 .comment       0x00000181       0x4d sdramc.o
 .comment       0x000001ce       0x4d nandflash.o
 .comment       0x0000021b       0x4d div0.o
 .comment       0x00000268       0x4d udiv.o
 .comment       0x000002b5       0x4d string.o

.note.GNU-stack
                0x00000000        0x0
 .note.GNU-stack
                0x00000000        0x0 at91sam9g10ek.o
 .note.GNU-stack
                0x00000000        0x0 main.o
 .note.GNU-stack
                0x00000000        0x0 gpio.o
 .note.GNU-stack
                0x00000000        0x0 pmc.o
 .note.GNU-stack
                0x00000000        0x0 debug.o
 .note.GNU-stack
                0x00000000        0x0 sdramc.o
 .note.GNU-stack
                0x00000000        0x0 nandflash.o
 .note.GNU-stack
                0x00000000        0x0 div0.o
 .note.GNU-stack
                0x00000000        0x0 udiv.o
 .note.GNU-stack
                0x00000000        0x0 string.o

.debug_ranges   0x00000000      0x290
 .debug_ranges  0x00000000       0xa8 gpio.o
 .debug_ranges  0x000000a8       0xc0 pmc.o
 .debug_ranges  0x00000168       0x78 debug.o
 .debug_ranges  0x000001e0       0x80 sdramc.o
 .debug_ranges  0x00000260       0x30 nandflash.o

Cross Reference Table

Symbol                                            File
AT91F_NandEraseBlock0                             nandflash.o
AT91F_NandRead                                    nandflash.o
CheckBlock                                        nandflash.o
__aeabi_uidiv                                     _udivsi3.o
                                                  _umodsi3.o
                                                  nandflash.o
__aeabi_uidivmod                                  _umodsi3.o
                                                  nandflash.o
__div0                                            div0.o
                                                  _umodsi3.o
                                                  _udivsi3.o
__udivsi3                                         _udivsi3.o
__umodsi3                                         _umodsi3.o
_ebss                                             crt0_gnu.o
_edata                                            crt0_gnu.o
_etext                                            crt0_gnu.o
_sbss                                             crt0_gnu.o
_sdata                                            crt0_gnu.o
bcopy                                             string.o
dbg_init                                          debug.o
                                                  at91sam9g10ek.o
dbg_print                                         debug.o
                                                  nandflash.o
                                                  at91sam9g10ek.o
hw_init                                           at91sam9g10ek.o
                                                  main.o
load_nandflash                                    nandflash.o
                                                  main.o
main                                              main.o
                                                  crt0_gnu.o
memcpy                                            string.o
memset                                            string.o
nandflash_cfg_16bits_dbw_init                     at91sam9g10ek.o
nandflash_cfg_8bits_dbw_init                      at91sam9g10ek.o
                                                  nandflash.o
nandflash_hw_init                                 at91sam9g10ek.o
                                                  nandflash.o
pio_get_value                                     gpio.o
pio_set_value                                     gpio.o
pio_setup                                         gpio.o
                                                  at91sam9g10ek.o
pmc_cfg_mck                                       pmc.o
                                                  at91sam9g10ek.o
pmc_cfg_pck                                       pmc.o
pmc_cfg_plla                                      pmc.o
                                                  at91sam9g10ek.o
pmc_cfg_pllb                                      pmc.o
                                                  at91sam9g10ek.o
reset                                             crt0_gnu.o
sdram_init                                        sdramc.o
                                                  at91sam9g10ek.o
sdramc_hw_init                                    at91sam9g10ek.o
                                                  sdramc.o
udiv                                              udiv.o
